[vhtear.com/index.html]
[backblue.gif]
[fade.gif]
[index.html]
[vhtear.com/static/icon/vhtear.png]
[vhtear.com/static/assets/img/brand/favicon.ico]
[external.html]
[vhtear.com/login.html]
[vhtear.com/register.html]
[vhtear.com/static/assets/img/brand/new_logo_white.png]
[vhtear.com/static/assets/img/brand/new_blue_vhtear.png]
[vhtear.com/static/icon/laptop-128x128-8365.png]
[vhtear.com/static/icon/drawing-128x128-8340.png]
[vhtear.com/static/icon/three-128x128-8342.png]
[vhtear.com/static/assets/vendor/jquery/dist/jquery.min.js]
[maxcdn.bootstrapcdn.com/font-awesome/4.5.0/css/font-awesome.min.css]
[vhtear.com/static/assets/vendor/bootstrap/dist/js/bootstrap.bundle.min.js]
[vhtear.com/static/assets/vendor/js-cookie/js.cookie.js]
[vhtear.com/static/assets/vendor/jquery.scrollbar/jquery.scrollbar.min.js]
[vhtear.com/static/assets/vendor/jquery-scroll-lock/dist/jquery-scrollLock.min.js]
[vhtear.com/static/assets/vendor/vhtear/api-vhtear.js]
[pagead2.googlesyndication.com/pagead/js/f.txt]
[cdnjs.cloudflare.com/ajax/libs/react/15.1.0/react-dom.min.js]
[cdnjs.cloudflare.com/ajax/libs/react/15.1.0/react.min.js]
[cdnjs.cloudflare.com/ajax/libs/axios/0.19.2/axios.min.js]
[ajax.googleapis.com/ajax/libs/jquery/1.7.1/jquery.min.js]
[cdnjs.cloudflare.com/ajax/libs/react/0.14.0-beta3/JSXTransformer.js]
[kit.fontawesome.com/a2d54cb074.js]
[vhtear.com/static/assets/vendor/chart.js/dist/Chart.min.js]
[vhtear.com/static/assets/vendor/chart.js/dist/Chart.extension.js]
[code.jquery.com/jquery-3.3.1.min.js]
[app.termly.io/embed.min.js]
[vhtear.com/static/assets/js/argon5438.js]
[vhtear.com/static/assets/js/build/threejs.js]
[vhtear.com/static/assets/js/build/orbit-controls.js]
[vhtear.com/index.html]
[vhtear.com/static/assets/vendor/nucleo/fonts/nucleo-icons.eot]
[vhtear.com/static/assets/vendor/nucleo/fonts/nucleo-icons.woff2]
[vhtear.com/static/assets/vendor/nucleo/fonts/nucleo-icons.woff]
[vhtear.com/static/assets/vendor/nucleo/fonts/nucleo-icons.ttf]
[vhtear.com/static/assets/vendor/nucleo/css/nucleo.css]
[vhtear.com/static/assets/vendor/@fortawesome/fontawesome-free/webfonts/fa-brands-400.eot]
[vhtear.com/static/assets/vendor/@fortawesome/fontawesome-free/webfonts/fa-brands-400d41d.eot]
[vhtear.com/static/assets/vendor/@fortawesome/fontawesome-free/webfonts/fa-brands-400.woff2]
[vhtear.com/static/assets/vendor/@fortawesome/fontawesome-free/webfonts/fa-brands-400.woff]
[vhtear.com/static/assets/vendor/@fortawesome/fontawesome-free/webfonts/fa-brands-400.ttf]
[vhtear.com/static/assets/vendor/@fortawesome/fontawesome-free/webfonts/fa-regular-400.eot]
[vhtear.com/static/assets/vendor/@fortawesome/fontawesome-free/webfonts/fa-regular-400d41d.eot]
[vhtear.com/static/assets/vendor/@fortawesome/fontawesome-free/webfonts/fa-regular-400.woff2]
[vhtear.com/static/assets/vendor/@fortawesome/fontawesome-free/webfonts/fa-regular-400.woff]
[vhtear.com/static/assets/vendor/@fortawesome/fontawesome-free/webfonts/fa-regular-400.ttf]
[vhtear.com/static/assets/vendor/@fortawesome/fontawesome-free/webfonts/fa-solid-900.eot]
[vhtear.com/static/assets/vendor/@fortawesome/fontawesome-free/webfonts/fa-solid-900d41d.eot]
[vhtear.com/static/assets/vendor/@fortawesome/fontawesome-free/webfonts/fa-solid-900.woff2]
[vhtear.com/static/assets/vendor/@fortawesome/fontawesome-free/webfonts/fa-solid-900.woff]
[vhtear.com/static/assets/vendor/@fortawesome/fontawesome-free/webfonts/fa-solid-900.ttf]
[vhtear.com/static/assets/vendor/@fortawesome/fontawesome-free/css/all.min.css]
[vhtear.com/static/assets/css/argon5438.css]
[www.googletagmanager.com/gtm5445.html]
[vhtear.com/static/assets/img/icons/common/google.svg]
[vhtear.com/static/assets/img/icons/common/github.svg]
[www.google.com/recaptcha/api.js]
[vhtear.com/forgot_password.html]
[vhtear.com/login.html]
[vhtear.com/register.html]
[vhtear.com/static/assets/img/down-arrow-white.svg]
[vhtear.com/static/assets/img/down-arrow-dark.svg]
[maxcdn.bootstrapcdn.com/font-awesome/4.5.0/css/font-awesome.min.css]
[vhtear.com/static/assets/vendor/nucleo/fonts/nucleo-icons.svg]
[vhtear.com/static/assets/vendor/@fortawesome/fontawesome-free/webfonts/fa-brands-400.svg]
[vhtear.com/static/assets/vendor/@fortawesome/fontawesome-free/webfonts/fa-regular-400.svg]
[vhtear.com/static/assets/vendor/@fortawesome/fontawesome-free/webfonts/fa-solid-900.svg]
[vhtear.com/forgot_password.html]
